\BOOKMARK [0][-]{chapter.1}{\376\377\0001\000\040\000I\000n\000t\000r\000o\000d\000u\000c\000t\000i\000o\000n}{}% 1
\BOOKMARK [1][-]{section.1.1}{\376\377\0001\000.\0001\000\040\000A\000b\000o\000u\000t\000\040\000P\000a\000t\000h\000o\000g\000e\000n\000i\000u\000s}{chapter.1}% 2
\BOOKMARK [1][-]{section.1.2}{\376\377\0001\000.\0002\000\040\000I\000n\000t\000e\000n\000d\000e\000d\000\040\000A\000u\000d\000i\000e\000n\000c\000e}{chapter.1}% 3
\BOOKMARK [1][-]{section.1.3}{\376\377\0001\000.\0003\000\040\000D\000o\000c\000u\000m\000e\000n\000t\000\040\000C\000o\000n\000v\000e\000n\000t\000i\000o\000n\000s}{chapter.1}% 4
\BOOKMARK [1][-]{section.1.4}{\376\377\0001\000.\0004\000\040\000S\000y\000s\000t\000e\000m\000\040\000R\000e\000q\000u\000i\000r\000e\000m\000e\000n\000t\000s}{chapter.1}% 5
\BOOKMARK [0][-]{chapter.2}{\376\377\0002\000\040\000G\000e\000t\000t\000i\000n\000g\000\040\000S\000t\000a\000r\000t\000e\000d}{}% 6
\BOOKMARK [1][-]{section.2.1}{\376\377\0002\000.\0001\000\040\000I\000n\000s\000t\000a\000l\000l\000a\000t\000i\000o\000n\000\040\000O\000v\000e\000r\000v\000i\000e\000w}{chapter.2}% 7
\BOOKMARK [2][-]{subsection.2.1.1}{\376\377\0002\000.\0001\000.\0001\000\040\000S\000t\000e\000p\000\040\0001\000\040\040\024\000\040\000I\000n\000s\000t\000a\000l\000l\000\040\000P\000r\000e\000r\000e\000q\000u\000i\000s\000i\000t\000e\000s}{section.2.1}% 8
\BOOKMARK [2][-]{subsection.2.1.2}{\376\377\0002\000.\0001\000.\0002\000\040\000S\000t\000e\000p\000\040\0002\000\040\040\024\000\040\000I\000n\000s\000t\000a\000l\000l\000\040\000F\000r\000o\000n\000t\000e\000n\000d\000\040\000D\000e\000p\000e\000n\000d\000e\000n\000c\000i\000e\000s}{section.2.1}% 9
\BOOKMARK [2][-]{subsection.2.1.3}{\376\377\0002\000.\0001\000.\0003\000\040\000S\000t\000e\000p\000\040\0003\000\040\040\024\000\040\000B\000u\000i\000l\000d\000\040\000t\000h\000e\000\040\000R\000e\000f\000e\000r\000e\000n\000c\000e\000\040\000D\000a\000t\000a\000b\000a\000s\000e\000\040\000\050\000F\000i\000r\000s\000t\000-\000T\000i\000m\000e\000\051}{section.2.1}% 10
\BOOKMARK [2][-]{subsection.2.1.4}{\376\377\0002\000.\0001\000.\0004\000\040\000S\000t\000e\000p\000\040\0004\000\040\040\024\000\040\000L\000a\000u\000n\000c\000h\000\040\000t\000h\000e\000\040\000A\000p\000p\000l\000i\000c\000a\000t\000i\000o\000n}{section.2.1}% 11
\BOOKMARK [1][-]{section.2.2}{\376\377\0002\000.\0002\000\040\000F\000i\000r\000s\000t\000\040\000L\000a\000u\000n\000c\000h}{chapter.2}% 12
\BOOKMARK [0][-]{chapter.3}{\376\377\0003\000\040\000A\000u\000t\000h\000e\000n\000t\000i\000c\000a\000t\000i\000o\000n}{}% 13
\BOOKMARK [1][-]{section.3.1}{\376\377\0003\000.\0001\000\040\000L\000o\000g\000i\000n}{chapter.3}% 14
\BOOKMARK [2][-]{subsection.3.1.1}{\376\377\0003\000.\0001\000.\0001\000\040\000L\000o\000g\000g\000i\000n\000g\000\040\000I\000n}{section.3.1}% 15
\BOOKMARK [2][-]{subsection.3.1.2}{\376\377\0003\000.\0001\000.\0002\000\040\000C\000o\000m\000m\000o\000n\000\040\000L\000o\000g\000i\000n\000\040\000E\000r\000r\000o\000r\000s}{section.3.1}% 16
\BOOKMARK [2][-]{subsection.3.1.3}{\376\377\0003\000.\0001\000.\0003\000\040\000F\000o\000r\000g\000o\000t\000\040\000P\000a\000s\000s\000w\000o\000r\000d}{section.3.1}% 17
\BOOKMARK [1][-]{section.3.2}{\376\377\0003\000.\0002\000\040\000C\000r\000e\000a\000t\000i\000n\000g\000\040\000a\000\040\000N\000e\000w\000\040\000A\000c\000c\000o\000u\000n\000t}{chapter.3}% 18
\BOOKMARK [1][-]{section.3.3}{\376\377\0003\000.\0003\000\040\000G\000u\000e\000s\000t\000\040\000M\000o\000d\000e\000\040\000\050\000O\000f\000f\000l\000i\000n\000e\000\040\000A\000c\000c\000e\000s\000s\000\051}{chapter.3}% 19
\BOOKMARK [0][-]{chapter.4}{\376\377\0004\000\040\000A\000p\000p\000l\000i\000c\000a\000t\000i\000o\000n\000\040\000L\000a\000y\000o\000u\000t}{}% 20
\BOOKMARK [1][-]{section.4.1}{\376\377\0004\000.\0001\000\040\000M\000a\000i\000n\000\040\000W\000i\000n\000d\000o\000w\000\040\000S\000t\000r\000u\000c\000t\000u\000r\000e}{chapter.4}% 21
\BOOKMARK [1][-]{section.4.2}{\376\377\0004\000.\0002\000\040\000S\000i\000d\000e\000b\000a\000r\000\040\000N\000a\000v\000i\000g\000a\000t\000i\000o\000n}{chapter.4}% 22
\BOOKMARK [2][-]{subsection.4.2.1}{\376\377\0004\000.\0002\000.\0001\000\040\000B\000r\000a\000n\000d\000\040\000\046\000\040\000U\000s\000e\000r\000\040\000C\000a\000r\000d}{section.4.2}% 23
\BOOKMARK [2][-]{subsection.4.2.2}{\376\377\0004\000.\0002\000.\0002\000\040\000N\000a\000v\000i\000g\000a\000t\000i\000o\000n\000\040\000M\000e\000n\000u}{section.4.2}% 24
\BOOKMARK [2][-]{subsection.4.2.3}{\376\377\0004\000.\0002\000.\0003\000\040\000S\000y\000s\000t\000e\000m\000\040\000S\000t\000a\000t\000u\000s\000\040\000W\000i\000d\000g\000e\000t}{section.4.2}% 25
\BOOKMARK [0][-]{chapter.5}{\376\377\0005\000\040\000D\000a\000s\000h\000b\000o\000a\000r\000d}{}% 26
\BOOKMARK [1][-]{section.5.1}{\376\377\0005\000.\0001\000\040\000O\000v\000e\000r\000v\000i\000e\000w}{chapter.5}% 27
\BOOKMARK [1][-]{section.5.2}{\376\377\0005\000.\0002\000\040\000R\000u\000n\000n\000i\000n\000g\000\040\000A\000n\000a\000l\000y\000s\000i\000s\000\040\000B\000a\000n\000n\000e\000r}{chapter.5}% 28
\BOOKMARK [1][-]{section.5.3}{\376\377\0005\000.\0003\000\040\000S\000y\000s\000t\000e\000m\000\040\000R\000e\000s\000o\000u\000r\000c\000e\000s\000\040\000C\000a\000r\000d}{chapter.5}% 29
\BOOKMARK [1][-]{section.5.4}{\376\377\0005\000.\0004\000\040\000S\000t\000o\000r\000a\000g\000e\000\040\000C\000a\000r\000d}{chapter.5}% 30
\BOOKMARK [1][-]{section.5.5}{\376\377\0005\000.\0005\000\040\000A\000n\000a\000l\000y\000s\000i\000s\000\040\000S\000u\000m\000m\000a\000r\000y\000\040\000C\000a\000r\000d}{chapter.5}% 31
\BOOKMARK [1][-]{section.5.6}{\376\377\0005\000.\0006\000\040\000R\000e\000c\000e\000n\000t\000\040\000A\000n\000a\000l\000y\000s\000e\000s\000\040\000T\000a\000b\000l\000e}{chapter.5}% 32
\BOOKMARK [1][-]{section.5.7}{\376\377\0005\000.\0007\000\040\000Q\000u\000i\000c\000k\000\040\000A\000c\000t\000i\000o\000n\000s}{chapter.5}% 33
\BOOKMARK [0][-]{chapter.6}{\376\377\0006\000\040\000R\000u\000n\000n\000i\000n\000g\000\040\000a\000\040\000N\000e\000w\000\040\000A\000n\000a\000l\000y\000s\000i\000s}{}% 34
\BOOKMARK [1][-]{section.6.1}{\376\377\0006\000.\0001\000\040\000O\000v\000e\000r\000v\000i\000e\000w}{chapter.6}% 35
\BOOKMARK [1][-]{section.6.2}{\376\377\0006\000.\0002\000\040\000S\000t\000e\000p\000\040\0001\000:\000\040\000I\000n\000p\000u\000t\000\040\000F\000i\000l\000e\000s}{chapter.6}% 36
\BOOKMARK [2][-]{subsection.6.2.1}{\376\377\0006\000.\0002\000.\0001\000\040\000S\000e\000l\000e\000c\000t\000i\000n\000g\000\040\000F\000A\000S\000T\000Q\000\040\000F\000i\000l\000e\000s}{section.6.2}% 37
\BOOKMARK [1][-]{section.6.3}{\376\377\0006\000.\0003\000\040\000S\000t\000e\000p\000\040\0002\000:\000\040\000C\000o\000n\000f\000i\000g\000u\000r\000a\000t\000i\000o\000n}{chapter.6}% 38
\BOOKMARK [2][-]{subsection.6.3.1}{\376\377\0006\000.\0003\000.\0001\000\040\000E\000n\000g\000i\000n\000e\000\040\000S\000e\000l\000e\000c\000t\000i\000o\000n}{section.6.3}% 39
\BOOKMARK [2][-]{subsection.6.3.2}{\376\377\0006\000.\0003\000.\0002\000\040\000F\000A\000S\000T\000Q\000\040\000S\000t\000a\000t\000i\000s\000t\000i\000c\000s\000\040\000B\000a\000n\000n\000e\000r}{section.6.3}% 40
\BOOKMARK [2][-]{subsection.6.3.3}{\376\377\0006\000.\0003\000.\0003\000\040\000L\000a\000r\000g\000e\000\040\000F\000i\000l\000e\000\040\000W\000a\000r\000n\000i\000n\000g\000\040\000a\000n\000d\000\040\000B\000a\000t\000c\000h\000\040\000P\000r\000o\000c\000e\000s\000s\000i\000n\000g}{section.6.3}% 41
\BOOKMARK [2][-]{subsection.6.3.4}{\376\377\0006\000.\0003\000.\0004\000\040\000A\000n\000a\000l\000y\000s\000i\000s\000\040\000C\000o\000n\000f\000i\000g\000u\000r\000a\000t\000i\000o\000n\000\040\000F\000o\000r\000m}{section.6.3}% 42
\BOOKMARK [1][-]{section.6.4}{\376\377\0006\000.\0004\000\040\000S\000t\000e\000p\000\040\0003\000:\000\040\000R\000e\000v\000i\000e\000w\000\040\000\046\000\040\000L\000a\000u\000n\000c\000h}{chapter.6}% 43
\BOOKMARK [1][-]{section.6.5}{\376\377\0006\000.\0005\000\040\000M\000o\000n\000i\000t\000o\000r\000i\000n\000g\000\040\000P\000r\000o\000g\000r\000e\000s\000s}{chapter.6}% 44
\BOOKMARK [2][-]{subsection.6.5.1}{\376\377\0006\000.\0005\000.\0001\000\040\000P\000a\000u\000s\000i\000n\000g\000\040\000a\000n\000d\000\040\000R\000e\000s\000u\000m\000i\000n\000g}{section.6.5}% 45
\BOOKMARK [2][-]{subsection.6.5.2}{\376\377\0006\000.\0005\000.\0002\000\040\000C\000a\000n\000c\000e\000l\000l\000i\000n\000g\000\040\000a\000n\000\040\000A\000n\000a\000l\000y\000s\000i\000s}{section.6.5}% 46
\BOOKMARK [0][-]{chapter.7}{\376\377\0007\000\040\000V\000i\000e\000w\000i\000n\000g\000\040\000R\000e\000s\000u\000l\000t\000s}{}% 47
\BOOKMARK [1][-]{section.7.1}{\376\377\0007\000.\0001\000\040\000R\000e\000s\000u\000l\000t\000s\000\040\000P\000a\000g\000e\000\040\000O\000v\000e\000r\000v\000i\000e\000w}{chapter.7}% 48
\BOOKMARK [1][-]{section.7.2}{\376\377\0007\000.\0002\000\040\000A\000n\000a\000l\000y\000s\000i\000s\000\040\000H\000i\000s\000t\000o\000r\000y\000\040\000T\000a\000b\000l\000e}{chapter.7}% 49
\BOOKMARK [2][-]{subsection.7.2.1}{\376\377\0007\000.\0002\000.\0001\000\040\000A\000c\000t\000i\000o\000n\000\040\000B\000u\000t\000t\000o\000n\000s}{section.7.2}% 50
\BOOKMARK [1][-]{section.7.3}{\376\377\0007\000.\0003\000\040\000D\000e\000t\000a\000i\000l\000e\000d\000\040\000R\000e\000s\000u\000l\000t\000s\000\040\000V\000i\000e\000w}{chapter.7}% 51
\BOOKMARK [2][-]{subsection.7.3.1}{\376\377\0007\000.\0003\000.\0001\000\040\000H\000e\000a\000d\000e\000r}{section.7.3}% 52
\BOOKMARK [2][-]{subsection.7.3.2}{\376\377\0007\000.\0003\000.\0002\000\040\000O\000v\000e\000r\000v\000i\000e\000w\000\040\000T\000a\000b\000\040\040\024\000\040\000P\000a\000t\000h\000o\000g\000e\000n\000\040\000C\000a\000r\000d\000s}{section.7.3}% 53
\BOOKMARK [2][-]{subsection.7.3.3}{\376\377\0007\000.\0003\000.\0003\000\040\000A\000I\000\040\000S\000u\000m\000m\000a\000r\000y\000\040\000C\000a\000r\000d}{section.7.3}% 54
\BOOKMARK [2][-]{subsection.7.3.4}{\376\377\0007\000.\0003\000.\0004\000\040\000P\000a\000t\000h\000o\000g\000e\000n\000\040\000D\000e\000t\000a\000i\000l\000s\000\040\000T\000a\000b}{section.7.3}% 55
\BOOKMARK [2][-]{subsection.7.3.5}{\376\377\0007\000.\0003\000.\0005\000\040\000C\000h\000a\000r\000t\000s\000\040\000T\000a\000b}{section.7.3}% 56
\BOOKMARK [1][-]{section.7.4}{\376\377\0007\000.\0004\000\040\000C\000l\000o\000u\000d\000\040\000R\000e\000s\000u\000l\000t\000s}{chapter.7}% 57
\BOOKMARK [2][-]{subsection.7.4.1}{\376\377\0007\000.\0004\000.\0001\000\040\000C\000l\000o\000u\000d\000\040\000S\000t\000a\000t\000u\000s\000\040\000B\000a\000n\000n\000e\000r}{section.7.4}% 58
\BOOKMARK [2][-]{subsection.7.4.2}{\376\377\0007\000.\0004\000.\0002\000\040\000C\000l\000o\000u\000d\000\040\000R\000e\000s\000u\000l\000t\000s\000\040\000T\000a\000b\000l\000e}{section.7.4}% 59
\BOOKMARK [0][-]{chapter.8}{\376\377\0008\000\040\000D\000a\000t\000a\000b\000a\000s\000e\000\040\000M\000a\000n\000a\000g\000e\000m\000e\000n\000t}{}% 60
\BOOKMARK [1][-]{section.8.1}{\376\377\0008\000.\0001\000\040\000O\000v\000e\000r\000v\000i\000e\000w}{chapter.8}% 61
\BOOKMARK [1][-]{section.8.2}{\376\377\0008\000.\0002\000\040\000D\000e\000f\000a\000u\000l\000t\000\040\000R\000e\000f\000e\000r\000e\000n\000c\000e\000\040\000D\000a\000t\000a\000b\000a\000s\000e}{chapter.8}% 62
\BOOKMARK [1][-]{section.8.3}{\376\377\0008\000.\0003\000\040\000C\000r\000e\000a\000t\000i\000n\000g\000\040\000a\000\040\000C\000u\000s\000t\000o\000m\000\040\000R\000e\000f\000e\000r\000e\000n\000c\000e\000\040\000D\000a\000t\000a\000b\000a\000s\000e}{chapter.8}% 63
\BOOKMARK [2][-]{subsection.8.3.1}{\376\377\0008\000.\0003\000.\0001\000\040\000S\000t\000e\000p\000\040\0001\000\040\040\024\000\040\000F\000i\000l\000e\000\040\000S\000e\000l\000e\000c\000t\000i\000o\000n}{section.8.3}% 64
\BOOKMARK [2][-]{subsection.8.3.2}{\376\377\0008\000.\0003\000.\0002\000\040\000S\000t\000e\000p\000\040\0002\000\040\040\024\000\040\000C\000o\000n\000f\000i\000g\000u\000r\000a\000t\000i\000o\000n}{section.8.3}% 65
\BOOKMARK [1][-]{section.8.4}{\376\377\0008\000.\0004\000\040\000M\000a\000n\000a\000g\000i\000n\000g\000\040\000C\000u\000s\000t\000o\000m\000\040\000D\000a\000t\000a\000b\000a\000s\000e\000s}{chapter.8}% 66
\BOOKMARK [0][-]{chapter.9}{\376\377\0009\000\040\000S\000e\000t\000t\000i\000n\000g\000s}{}% 67
\BOOKMARK [1][-]{section.9.1}{\376\377\0009\000.\0001\000\040\000O\000v\000e\000r\000v\000i\000e\000w}{chapter.9}% 68
\BOOKMARK [1][-]{section.9.2}{\376\377\0009\000.\0002\000\040\000A\000c\000c\000o\000u\000n\000t\000\040\000S\000e\000c\000u\000r\000i\000t\000y}{chapter.9}% 69
\BOOKMARK [2][-]{subsection.9.2.1}{\376\377\0009\000.\0002\000.\0001\000\040\000C\000h\000a\000n\000g\000e\000\040\000P\000a\000s\000s\000w\000o\000r\000d}{section.9.2}% 70
\BOOKMARK [1][-]{section.9.3}{\376\377\0009\000.\0003\000\040\000A\000I\000\040\000A\000n\000a\000l\000y\000s\000i\000s\000\040\000S\000e\000t\000t\000i\000n\000g\000s}{chapter.9}% 71
\BOOKMARK [1][-]{section.9.4}{\376\377\0009\000.\0004\000\040\000A\000n\000a\000l\000y\000s\000i\000s\000\040\000T\000h\000r\000e\000s\000h\000o\000l\000d\000s}{chapter.9}% 72
\BOOKMARK [1][-]{section.9.5}{\376\377\0009\000.\0005\000\040\000D\000a\000t\000a\000\040\000M\000a\000n\000a\000g\000e\000m\000e\000n\000t}{chapter.9}% 73
\BOOKMARK [1][-]{section.9.6}{\376\377\0009\000.\0006\000\040\000N\000o\000t\000i\000f\000i\000c\000a\000t\000i\000o\000n\000s}{chapter.9}% 74
\BOOKMARK [1][-]{section.9.7}{\376\377\0009\000.\0007\000\040\000A\000p\000p\000e\000a\000r\000a\000n\000c\000e}{chapter.9}% 75
\BOOKMARK [1][-]{section.9.8}{\376\377\0009\000.\0008\000\040\000S\000e\000t\000t\000i\000n\000g\000s\000\040\000I\000m\000p\000o\000r\000t\000\040\000/\000\040\000E\000x\000p\000o\000r\000t\000\040\000/\000\040\000R\000e\000s\000e\000t}{chapter.9}% 76
\BOOKMARK [1][-]{section.9.9}{\376\377\0009\000.\0009\000\040\000A\000d\000m\000i\000n\000:\000\040\000U\000s\000e\000r\000\040\000M\000a\000n\000a\000g\000e\000m\000e\000n\000t}{chapter.9}% 77
\BOOKMARK [0][-]{chapter.10}{\376\377\0001\0000\000\040\000T\000e\000r\000m\000i\000n\000a\000l}{}% 78
\BOOKMARK [1][-]{section.10.1}{\376\377\0001\0000\000.\0001\000\040\000O\000v\000e\000r\000v\000i\000e\000w}{chapter.10}% 79
\BOOKMARK [1][-]{section.10.2}{\376\377\0001\0000\000.\0002\000\040\000U\000s\000e\000\040\000C\000a\000s\000e\000s}{chapter.10}% 80
\BOOKMARK [0][-]{chapter.11}{\376\377\0001\0001\000\040\000G\000P\000U\000\040\000M\000o\000d\000e\000\040\000\050\000J\000e\000t\000s\000o\000n\000\040\000N\000a\000n\000o\000\051}{}% 81
\BOOKMARK [1][-]{section.11.1}{\376\377\0001\0001\000.\0001\000\040\000O\000v\000e\000r\000v\000i\000e\000w}{chapter.11}% 82
\BOOKMARK [1][-]{section.11.2}{\376\377\0001\0001\000.\0002\000\040\000P\000r\000e\000r\000e\000q\000u\000i\000s\000i\000t\000e\000s}{chapter.11}% 83
\BOOKMARK [1][-]{section.11.3}{\376\377\0001\0001\000.\0003\000\040\000C\000o\000n\000f\000i\000g\000u\000r\000i\000n\000g\000\040\000t\000h\000e\000\040\000C\000o\000n\000n\000e\000c\000t\000i\000o\000n}{chapter.11}% 84
\BOOKMARK [1][-]{section.11.4}{\376\377\0001\0001\000.\0004\000\040\000G\000P\000U\000\040\000P\000i\000p\000e\000l\000i\000n\000e\000\040\000S\000t\000e\000p\000s}{chapter.11}% 85
\BOOKMARK [1][-]{section.11.5}{\376\377\0001\0001\000.\0005\000\040\000S\000y\000n\000c\000i\000n\000g\000\040\000a\000\040\000D\000a\000t\000a\000b\000a\000s\000e\000\040\000t\000o\000\040\000t\000h\000e\000\040\000J\000e\000t\000s\000o\000n\000\040\000N\000a\000n\000o}{chapter.11}% 86
\BOOKMARK [0][-]{chapter.12}{\376\377\0001\0002\000\040\000C\000l\000o\000u\000d\000\040\000S\000y\000n\000c\000h\000r\000o\000n\000i\000s\000a\000t\000i\000o\000n}{}% 87
\BOOKMARK [1][-]{section.12.1}{\376\377\0001\0002\000.\0001\000\040\000O\000v\000e\000r\000v\000i\000e\000w}{chapter.12}% 88
\BOOKMARK [1][-]{section.12.2}{\376\377\0001\0002\000.\0002\000\040\000U\000p\000l\000o\000a\000d\000i\000n\000g\000\040\000a\000\040\000R\000e\000s\000u\000l\000t}{chapter.12}% 89
\BOOKMARK [1][-]{section.12.3}{\376\377\0001\0002\000.\0003\000\040\000D\000o\000w\000n\000l\000o\000a\000d\000i\000n\000g\000\040\000a\000\040\000C\000l\000o\000u\000d\000\040\000R\000e\000s\000u\000l\000t}{chapter.12}% 90
\BOOKMARK [1][-]{section.12.4}{\376\377\0001\0002\000.\0004\000\040\000E\000n\000c\000r\000y\000p\000t\000i\000o\000n\000\040\000D\000e\000t\000a\000i\000l\000s}{chapter.12}% 91
\BOOKMARK [0][-]{chapter.13}{\376\377\0001\0003\000\040\000S\000a\000m\000p\000l\000e\000\040\000W\000o\000r\000k\000f\000l\000o\000w\000s}{}% 92
\BOOKMARK [1][-]{section.13.1}{\376\377\0001\0003\000.\0001\000\040\000S\000c\000e\000n\000a\000r\000i\000o\000\040\0001\000:\000\040\000S\000t\000a\000n\000d\000a\000r\000d\000\040\000C\000l\000i\000n\000i\000c\000a\000l\000\040\000S\000a\000m\000p\000l\000e\000\040\000A\000n\000a\000l\000y\000s\000i\000s}{chapter.13}% 93
\BOOKMARK [1][-]{section.13.2}{\376\377\0001\0003\000.\0002\000\040\000S\000c\000e\000n\000a\000r\000i\000o\000\040\0002\000:\000\040\000H\000i\000g\000h\000-\000T\000h\000r\000o\000u\000g\000h\000p\000u\000t\000\040\000F\000i\000e\000l\000d\000\040\000A\000n\000a\000l\000y\000s\000i\000s\000\040\000w\000i\000t\000h\000\040\000G\000P\000U}{chapter.13}% 94
\BOOKMARK [1][-]{section.13.3}{\376\377\0001\0003\000.\0003\000\040\000S\000c\000e\000n\000a\000r\000i\000o\000\040\0003\000:\000\040\000B\000u\000i\000l\000d\000i\000n\000g\000\040\000a\000\040\000C\000u\000s\000t\000o\000m\000\040\000P\000a\000t\000h\000o\000g\000e\000n\000\040\000D\000a\000t\000a\000b\000a\000s\000e}{chapter.13}% 95
\BOOKMARK [1][-]{section.13.4}{\376\377\0001\0003\000.\0004\000\040\000S\000c\000e\000n\000a\000r\000i\000o\000\040\0004\000:\000\040\000M\000u\000l\000t\000i\000-\000U\000s\000e\000r\000\040\000L\000a\000b\000\040\000S\000e\000t\000u\000p\000\040\000w\000i\000t\000h\000\040\000A\000d\000m\000i\000n\000\040\000C\000o\000n\000t\000r\000o\000l\000s}{chapter.13}% 96
\BOOKMARK [0][-]{chapter.14}{\376\377\0001\0004\000\040\000T\000r\000o\000u\000b\000l\000e\000s\000h\000o\000o\000t\000i\000n\000g}{}% 97
\BOOKMARK [0][-]{chapter.15}{\376\377\0001\0005\000\040\000F\000r\000e\000q\000u\000e\000n\000t\000l\000y\000\040\000A\000s\000k\000e\000d\000\040\000Q\000u\000e\000s\000t\000i\000o\000n\000s}{}% 98
\BOOKMARK [0][-]{chapter.16}{\376\377\0001\0006\000\040\000A\000p\000p\000e\000n\000d\000i\000x}{}% 99
\BOOKMARK [1][-]{section.16.1}{\376\377\0001\0006\000.\0001\000\040\000O\000u\000t\000p\000u\000t\000\040\000J\000S\000O\000N\000\040\000F\000o\000r\000m\000a\000t}{chapter.16}% 100
\BOOKMARK [1][-]{section.16.2}{\376\377\0001\0006\000.\0002\000\040\000C\000o\000n\000f\000i\000g\000u\000r\000a\000t\000i\000o\000n\000\040\000R\000e\000f\000e\000r\000e\000n\000c\000e\000\040\000\050\000c\000o\000n\000f\000i\000g\000.\000y\000a\000m\000l\000\051}{chapter.16}% 101
\BOOKMARK [1][-]{section.16.3}{\376\377\0001\0006\000.\0003\000\040\000E\000n\000v\000i\000r\000o\000n\000m\000e\000n\000t\000\040\000V\000a\000r\000i\000a\000b\000l\000e\000s}{chapter.16}% 102
\BOOKMARK [1][-]{section.16.4}{\376\377\0001\0006\000.\0004\000\040\000K\000e\000y\000b\000o\000a\000r\000d\000\040\000S\000h\000o\000r\000t\000c\000u\000t\000s\000\040\000\046\000\040\000Q\000u\000i\000c\000k\000\040\000R\000e\000f\000e\000r\000e\000n\000c\000e}{chapter.16}% 103
\BOOKMARK [0][-]{chapter*.17}{\376\377\000D\000i\000s\000c\000l\000a\000i\000m\000e\000r}{}% 104
